[devsaidul.com/tm/html/estudy/index04b9.html]
[backblue.gif]
[fade.gif]
[index.html]
[devsaidul.com/tm/html/estudy/assets/images/fav-icon/icon.png]
[devsaidul.com/tm/html/estudy/assets/css/bootstrap.min.css]
[devsaidul.com/tm/html/estudy/assets/css/owl.carousel.min.css]
[devsaidul.com/tm/html/estudy/assets/css/animate.css]
[devsaidul.com/tm/html/estudy/assets/css/all.min.css]
[devsaidul.com/tm/html/estudy/assets/css/flaticon.css]
[devsaidul.com/tm/html/estudy/assets/css/theme-default.css]
[devsaidul.com/tm/html/estudy/assets/css/meanmenu.min.css]
[devsaidul.com/tm/html/estudy/assets/css/owl.transitions.css]
[devsaidul.com/tm/html/estudy/venobox/venobox.css]
[devsaidul.com/tm/html/estudy/assets/css/bootstrap-icons.css]
[devsaidul.com/tm/html/estudy/assets/css/style.css]
[devsaidul.com/tm/html/estudy/assets/css/dropdown.css]
[devsaidul.com/tm/html/estudy/assets/css/responsive.css]
[devsaidul.com/tm/html/estudy/assets/js/vendor/modernizr-3.5.0.min.js]
[devsaidul.com/tm/html/estudy/index.html]
[devsaidul.com/tm/html/estudy/assets/images/logo.png]
[devsaidul.com/tm/html/estudy/landing.html]
[devsaidul.com/tm/html/estudy/video.html]
[devsaidul.com/tm/html/estudy/course.html]
[devsaidul.com/tm/html/estudy/course-detials.html]
[devsaidul.com/tm/html/estudy/team.html]
[devsaidul.com/tm/html/estudy/team-detials.html]
[devsaidul.com/tm/html/estudy/project-grid.html]
[devsaidul.com/tm/html/estudy/projects-details.html]
[devsaidul.com/tm/html/estudy/faq.html]
[devsaidul.com/tm/html/estudy/contact.html]
[devsaidul.com/tm/html/estudy/error.html]
[devsaidul.com/tm/html/estudy/blog.html]
[devsaidul.com/tm/html/estudy/blog-details.html]
[devsaidul.com/tm/html/estudy/assets/images/slider/slider-shape.png]
[devsaidul.com/tm/html/estudy/assets/images/slider/slider-shape2.png]
[devsaidul.com/tm/html/estudy/assets/images/slider/slider-thumb.png]
[devsaidul.com/tm/html/estudy/assets/images/resource/section-shape.png]
[devsaidul.com/tm/html/estudy/assets/images/catagories/catagories1.png]
[devsaidul.com/tm/html/estudy/assets/images/catagories/catagories2.png]
[devsaidul.com/tm/html/estudy/assets/images/catagories/catagories3.png]
[devsaidul.com/tm/html/estudy/assets/images/catagories/catagories4.png]
[devsaidul.com/tm/html/estudy/assets/images/catagories/catagories5.png]
[devsaidul.com/tm/html/estudy/assets/images/catagories/catagories6.png]
[devsaidul.com/tm/html/estudy/assets/images/course/course1.png]
[devsaidul.com/tm/html/estudy/assets/images/course/shape1.png]
[devsaidul.com/tm/html/estudy/assets/images/course/course2.png]
[devsaidul.com/tm/html/estudy/assets/images/course/shape2.png]
[devsaidul.com/tm/html/estudy/assets/images/course/course3.png]
[devsaidul.com/tm/html/estudy/assets/images/course/shape3.png]
[devsaidul.com/tm/html/estudy/assets/images/course/course4.png]
[devsaidul.com/tm/html/estudy/assets/images/course/shape4.png]
[devsaidul.com/tm/html/estudy/assets/images/course/course5.png]
[devsaidul.com/tm/html/estudy/assets/images/course/shape5.png]
[devsaidul.com/tm/html/estudy/assets/images/course/course6.png]
[devsaidul.com/tm/html/estudy/assets/images/course/shape6.png]
[devsaidul.com/tm/html/estudy/assets/images/resource/help-icon.png]
[devsaidul.com/tm/html/estudy/assets/images/resource/choose1.png]
[devsaidul.com/tm/html/estudy/assets/images/resource/choose2.png]
[devsaidul.com/tm/html/estudy/assets/images/resource/choose3.png]
[devsaidul.com/tm/html/estudy/assets/images/resource/choose4.png]
[devsaidul.com/tm/html/estudy/assets/images/team/team1.png]
[devsaidul.com/tm/html/estudy/assets/images/team/team2.png]
[devsaidul.com/tm/html/estudy/assets/images/team/team3.png]
[devsaidul.com/tm/html/estudy/assets/images/team/team4.png]
[devsaidul.com/tm/html/estudy/assets/images/resource/video1.png]
[devsaidul.com/tm/html/estudy/assets/images/resource/video2.png]
[devsaidul.com/tm/html/estudy/assets/images/resource/video3.png]
[devsaidul.com/tm/html/estudy/assets/images/resource/video4.png]
[devsaidul.com/tm/html/estudy/assets/images/resource/registration-shape.png]
[devsaidul.com/tm/html/estudy/assets/images/testimonial/testi1.png]
[devsaidul.com/tm/html/estudy/assets/images/testimonial/testi-shape1.png]
[devsaidul.com/tm/html/estudy/assets/images/testimonial/testi-shape2.png]
[devsaidul.com/tm/html/estudy/assets/images/testimonial/testi2.png]
[devsaidul.com/tm/html/estudy/assets/images/testimonial/testi-shape3.png]
[devsaidul.com/tm/html/estudy/assets/images/blog/blog1.png]
[devsaidul.com/tm/html/estudy/assets/images/blog/shape1.png]
[devsaidul.com/tm/html/estudy/assets/images/blog/blog2.png]
[devsaidul.com/tm/html/estudy/assets/images/blog/shape2.png]
[devsaidul.com/tm/html/estudy/assets/images/brand/brand1.png]
[devsaidul.com/tm/html/estudy/assets/images/brand/brand2.png]
[devsaidul.com/tm/html/estudy/assets/images/brand/brand3.png]
[devsaidul.com/tm/html/estudy/assets/images/brand/brand4.png]
[devsaidul.com/tm/html/estudy/assets/images/brand/brand5.png]
[devsaidul.com/tm/html/estudy/assets/images/footer/footer-shape-1.png]
[devsaidul.com/tm/html/estudy/assets/images/footer/footer-shape-2.png]
[devsaidul.com/tm/html/estudy/assets/images/footer-logo.png]
[devsaidul.com/tm/html/estudy/assets/images/footer/footer1.png]
[devsaidul.com/tm/html/estudy/assets/images/footer/footer2.png]
[devsaidul.com/tm/html/estudy/assets/images/footer/footer3.png]
[devsaidul.com/tm/html/estudy/assets/images/footer/footer4.png]
[devsaidul.com/tm/html/estudy/assets/images/footer/footer5.png]
[devsaidul.com/tm/html/estudy/assets/images/footer/footer6.png]
[devsaidul.com/tm/html/estudy/assets/js/vendor/jquery-3.6.2.min.js]
[devsaidul.com/tm/html/estudy/assets/js/popper.min.js]
[devsaidul.com/tm/html/estudy/assets/js/bootstrap.min.js]
[devsaidul.com/tm/html/estudy/assets/js/owl.carousel.min.js]
[devsaidul.com/tm/html/estudy/assets/js/jquery.counterup.min.js]
[devsaidul.com/tm/html/estudy/assets/js/waypoints.min.js]
[devsaidul.com/tm/html/estudy/assets/js/wow.min.js]
[devsaidul.com/tm/html/estudy/assets/js/imagesloaded.pkgd.min.js]
[devsaidul.com/tm/html/estudy/venobox/venobox.js]
[devsaidul.com/tm/html/estudy/assets/js/animated-text.js]
[devsaidul.com/tm/html/estudy/venobox/venobox.min.js]
[devsaidul.com/tm/html/estudy/assets/js/isotope.pkgd.min.js]
[devsaidul.com/tm/html/estudy/assets/js/jquery.meanmenu.js]
[devsaidul.com/tm/html/estudy/assets/js/jquery.scrollUp.js]
[devsaidul.com/tm/html/estudy/assets/slick/slick.min.js]
[devsaidul.com/tm/html/estudy/assets/js/jquery.barfiller.js]
[devsaidul.com/tm/html/estudy/assets/js/rangeslider.js]
[devsaidul.com/tm/html/estudy/assets/js/mixitup.min.js]
[devsaidul.com/tm/html/estudy/assets/js/theme.js]
[devsaidul.com/tm/html/estudy/assets/js/script.js]
[devsaidul.com/tm/html/estudy/index04b9.html]
[devsaidul.com/tm/html/estudy/assets/css/bootstrap.min.css]
[devsaidul.com/tm/html/estudy/assets/css/owl.carousel.min.css]
[devsaidul.com/tm/html/estudy/assets/css/animate.css]
[devsaidul.com/tm/html/estudy/assets/webfonts/fa-brands-400.eot]
[devsaidul.com/tm/html/estudy/assets/webfonts/fa-brands-400d41d.eot]
[devsaidul.com/tm/html/estudy/assets/webfonts/fa-brands-400.woff2]
[devsaidul.com/tm/html/estudy/assets/webfonts/fa-brands-400.woff]
[devsaidul.com/tm/html/estudy/assets/webfonts/fa-brands-400.ttf]
[devsaidul.com/tm/html/estudy/assets/webfonts/fa-regular-400.eot]
[devsaidul.com/tm/html/estudy/assets/webfonts/fa-brands-400.svg]
[devsaidul.com/tm/html/estudy/assets/webfonts/fa-regular-400d41d.eot]
[devsaidul.com/tm/html/estudy/assets/webfonts/fa-regular-400.woff2]
[devsaidul.com/tm/html/estudy/assets/webfonts/fa-regular-400.woff]
[devsaidul.com/tm/html/estudy/assets/webfonts/fa-regular-400.ttf]
[devsaidul.com/tm/html/estudy/assets/webfonts/fa-regular-400.svg]
[devsaidul.com/tm/html/estudy/assets/webfonts/fa-solid-900.eot]
[devsaidul.com/tm/html/estudy/assets/webfonts/fa-solid-900d41d.eot]
[devsaidul.com/tm/html/estudy/assets/webfonts/fa-solid-900.woff2]
[devsaidul.com/tm/html/estudy/assets/webfonts/fa-solid-900.woff]
[devsaidul.com/tm/html/estudy/assets/webfonts/fa-solid-900.ttf]
[devsaidul.com/tm/html/estudy/assets/css/all.min.css]
[devsaidul.com/tm/html/estudy/assets/fonts/Flaticon.eot]
[devsaidul.com/tm/html/estudy/assets/webfonts/fa-solid-900.svg]
[devsaidul.com/tm/html/estudy/assets/fonts/Flaticon.woff2]
[devsaidul.com/tm/html/estudy/assets/fonts/Flaticon.woff]
[devsaidul.com/tm/html/estudy/assets/fonts/Flaticon.ttf]
[devsaidul.com/tm/html/estudy/assets/css/flaticon.css]
[devsaidul.com/tm/html/estudy/assets/css/theme-default.css]
[devsaidul.com/tm/html/estudy/assets/css/meanmenu.min.css]
[devsaidul.com/tm/html/estudy/assets/css/owl.transitions.css]
[devsaidul.com/tm/html/estudy/assets/fonts/Flaticon.svg]
[devsaidul.com/tm/html/estudy/venobox/preload-circle.png]
[devsaidul.com/tm/html/estudy/venobox/close.gif]
[devsaidul.com/tm/html/estudy/venobox/prev.gif]
[devsaidul.com/tm/html/estudy/venobox/next.gif]
[devsaidul.com/tm/html/estudy/venobox/venobox.css]
[devsaidul.com/tm/html/estudy/assets/css/fonts/bootstrap-iconsd862.woff2]
[devsaidul.com/tm/html/estudy/assets/css/fonts/bootstrap-iconsd862.woff]
[devsaidul.com/tm/html/estudy/assets/css/bootstrap-icons.css]
[devsaidul.com/tm/html/estudy/assets/images/resource/help-bg.png]
[devsaidul.com/tm/html/estudy/assets/images/resource/help-thumb.png]
[devsaidul.com/tm/html/estudy/assets/images/resource/instractor-bg1.png]
[devsaidul.com/tm/html/estudy/assets/images/resource/instractor-bg2.png]
[devsaidul.com/tm/html/estudy/assets/images/resource/registration-bg.png]
[devsaidul.com/tm/html/estudy/assets/images/blog/shape3.png]
[devsaidul.com/tm/html/estudy/assets/images/blog/shape4.png]
[devsaidul.com/tm/html/estudy/assets/images/resource/bretcome-bg.jpg]
[devsaidul.com/tm/html/estudy/assets/images/resource/preloader.gif]
[devsaidul.com/tm/html/estudy/assets/css/style.css]
[devsaidul.com/tm/html/estudy/assets/css/dropdown.css]
[devsaidul.com/tm/html/estudy/assets/css/responsive.css]
[devsaidul.com/tm/html/estudy/index.html]
[devsaidul.com/tm/html/estudy/landing.html]
[devsaidul.com/tm/html/estudy/assets/video/slide-video.mp4]
[devsaidul.com/tm/html/estudy/video.html]
[devsaidul.com/tm/html/estudy/course.html]
[devsaidul.com/tm/html/estudy/assets/images/course/latest1.jpg]
[devsaidul.com/tm/html/estudy/assets/images/course/latest2.jpg]
[devsaidul.com/tm/html/estudy/assets/images/course/latest3.jpg]
[devsaidul.com/tm/html/estudy/assets/images/course/course-details.jpg]
[devsaidul.com/tm/html/estudy/course-detials.html]
[devsaidul.com/tm/html/estudy/team.html]
[devsaidul.com/tm/html/estudy/assets/images/team/team-details-thumb.jpg]
[devsaidul.com/tm/html/estudy/team-detials.html]
[devsaidul.com/tm/html/estudy/assets/images/project/project1.png]
[devsaidul.com/tm/html/estudy/assets/images/project/project2.png]
[devsaidul.com/tm/html/estudy/assets/images/project/project3.png]
[devsaidul.com/tm/html/estudy/assets/images/project/project4.png]
[devsaidul.com/tm/html/estudy/project-grid.html]
[devsaidul.com/tm/html/estudy/assets/images/project/project-detials1.jpg]
[devsaidul.com/tm/html/estudy/assets/images/project/project-detials2.jpg]
[devsaidul.com/tm/html/estudy/projects-details.html]
[devsaidul.com/tm/html/estudy/faq.html]
[devsaidul.com/tm/html/estudy/contact.html]
[devsaidul.com/tm/html/estudy/assets/images/resource/404.png]
[devsaidul.com/tm/html/estudy/error.html]
[devsaidul.com/tm/html/estudy/blog.html]
[devsaidul.com/tm/html/estudy/assets/images/blog/blog-detials1.png]
[devsaidul.com/tm/html/estudy/assets/images/blog/blog-team.png]
[devsaidul.com/tm/html/estudy/assets/images/blog/user1.png]
[devsaidul.com/tm/html/estudy/assets/images/blog/user2.png]
[devsaidul.com/tm/html/estudy/assets/images/blog/recent1.png]
[devsaidul.com/tm/html/estudy/assets/images/blog/recent2.png]
[devsaidul.com/tm/html/estudy/assets/images/blog/recent3.png]
[devsaidul.com/tm/html/estudy/blog-details.html]
[devsaidul.com/tm/html/estudy/about.html]
[devsaidul.com/tm/html/estudy/service.html]
[devsaidul.com/tm/html/estudy/course-details.html]
[devsaidul.com/tm/html/estudy/assets/css/owl.video.play.html]
[devsaidul.com/tm/html/estudy/assets/webfonts/fa-brands-400.svg]
[devsaidul.com/tm/html/estudy/assets/webfonts/fa-regular-400.svg]
[devsaidul.com/tm/html/estudy/assets/webfonts/fa-solid-900.svg]
[devsaidul.com/tm/html/estudy/assets/fonts/Flaticond41dd41d.html]
[devsaidul.com/tm/html/estudy/assets/fonts/Flaticon.svg]
[devsaidul.com/tm/html/estudy/assets/images/counter-icon-1.html]
[devsaidul.com/tm/html/estudy/assets/images/counter-icon-2.html]
[devsaidul.com/tm/html/estudy/assets/images/counter-icon-3.html]
[devsaidul.com/tm/html/estudy/service-details.html]
